
The following datasets were found in /data/minerva/DANN_hdf5/hadmultkineimgs_127x94_me1Lmc_000.hdf5:

	 - Q2:                 [float32] -> (50000, 1)
	 - W:                  [float32] -> (50000, 1)
	 - current:            [uint32]  -> (50000, 1)
	 - esum_chgdkaons:     [float32] -> (50000, 1)
	 - esum_chgdpions:     [float32] -> (50000, 1)
	 - esum_electrons:     [float32] -> (50000, 1)
	 - esum_hadmultmeas:   [float32] -> (50000, 1)
	 - esum_muons:         [float32] -> (50000, 1)
	 - esum_neutpions:     [float32] -> (50000, 1)
	 - esum_neutrons:      [float32] -> (50000, 1)
	 - esum_others:        [float32] -> (50000, 1)
	 - esum_protons:       [float32] -> (50000, 1)
	 - esum_taus:          [float32] -> (50000, 1)
	 - eventids:           [uint64]  -> (50000, 1)
	 - eventids_a:         [uint32]  -> (50000, 1)
	 - eventids_b:         [uint32]  -> (50000, 1)
	 - hitimes-u-me1LOPmc: [float32] -> (50000, 2, 127, 47)
	 - hitimes-v-me1LOPmc: [float32] -> (50000, 2, 127, 47)
	 - hitimes-x-me1LOPmc: [float32] -> (50000, 2, 127, 94)
	 - int_type:           [uint32]  -> (50000, 1)
	 - n_chgdkaons:        [uint32]  -> (50000, 1)
	 - n_chgdpions:        [uint32]  -> (50000, 1)
	 - n_electrons:        [uint32]  -> (50000, 1)
	 - n_hadmultmeas:      [uint32]  -> (50000, 1)
	 - n_muons:            [uint32]  -> (50000, 1)
	 - n_neutpions:        [uint32]  -> (50000, 1)
	 - n_neutrons:         [uint32]  -> (50000, 1)
	 - n_others:           [uint32]  -> (50000, 1)
	 - n_protons:          [uint32]  -> (50000, 1)
	 - n_taus:             [uint32]  -> (50000, 1)
	 - planecodes:         [uint16]  -> (50000, 1)
	 - segments:           [uint8]   -> (50000, 1)
	 - targetZ:            [uint32]  -> (50000, 1)
	 - x:                  [float32] -> (50000, 1)
	 - y:                  [float32] -> (50000, 1)
	 - zs:                 [float32] -> (50000, 1)
